-- setups
create extension if not exists gms_debug;
NOTICE:  extension "gms_debug" already exists in schema "public", skipping
drop schema if exists gms_debugger_test6 cascade;
NOTICE:  schema "gms_debugger_test6" does not exist, skipping
create schema gms_debugger_test6;
set search_path = gms_debugger_test6;
create table test(a int, b varchar(40), c timestamp);
insert into test values (2, 'Giving to the Needy', '2020-02-02');
insert into test values (3, 'Prayer', '2021-12-02');
insert into test values (5, 'Fasting', '2030-03-02');
insert into test values (7, 'Treasures in Heaven', '2040-04-02');
CREATE OR REPLACE FUNCTION test_debug(x int) RETURNS SETOF test AS
$BODY$
DECLARE
    sql_stmt VARCHAR2(500);
    r test%rowtype;
    rec record;
    b_tmp text;
    cnt int;
    a_tmp int;
    cur refcursor;
    n_tmp NUMERIC(24,6);
    t_tmp tsquery;
    CURSOR cur_arg(criterion INTEGER) IS
        SELECT * FROM test WHERE a < criterion;
BEGIN
    cnt := 0;
    FOR r IN SELECT * FROM test
    WHERE a > x
    LOOP
        RETURN NEXT r;
    END LOOP;

    FOR rec in SELECT * FROM test
    WHERE a < x
    LOOP
        RETURN NEXT rec;
    END LOOP;

    FORALL index_1 IN 0..1
        INSERT INTO test VALUES (index_1, 'Happy Children''s Day!', '2021-6-1');

    SELECT b FROM test where a = 7 INTO b_tmp;
    sql_stmt := 'select a from test where b = :1;';
    OPEN cur FOR sql_stmt USING b_tmp;
    IF cur%isopen then LOOP
        FETCH cur INTO a_tmp;
        EXIT WHEN cur%notfound;
        END LOOP;
    END IF;
    CLOSE cur;
    WHILE cnt < 3 LOOP
        cnt := cnt + 1;
    END LOOP;

    RAISE INFO 'cnt is %', cnt;

    RETURN;

END
$BODY$
LANGUAGE plpgsql;
-- test for step into
CREATE OR REPLACE FUNCTION test_debug4(a in integer) return integer
AS
declare
b int;
BEGIN
    CASE a
        WHEN 1 THEN
            b := 111;
            call test_debug(a);
        ELSE
            b := 999;
    END CASE;
    return b;
    raise info 'pi_return : %',pi_return ;
    EXCEPTION WHEN others THEN
        b := 101;
    return b;
END;
/
select * from gms_debug.initialize('datanode1-5');
 initialize  
-------------
 datanode1-5
(1 row)

select pg_sleep(1);
 pg_sleep 
----------
 
(1 row)

select * from test_debug4(1);
INFO:  cnt is 3
CONTEXT:  SQL statement "call test_debug(a)"
PL/pgSQL function test_debug4(integer) line 7 at SQL statement
 test_debug4 
-------------
         101
(1 row)

-- test with client error in exception
-- select * from test_debug4(1);
select * from gms_debug.debug_off();
 debug_off 
-----------
 
(1 row)

drop schema gms_debugger_test6 cascade;
NOTICE:  drop cascades to 6 other objects
DETAIL:  drop cascades to table test
drop cascades to function test_debug(integer)
drop cascades to function gms_continue()
drop cascades to function test_debug4(integer)
drop cascades to function gms_breakpoint(text,integer)
drop cascades to function gms_finish()
