create schema shark_rotate_test_part2;
set search_path = 'shark_rotate_test_part2';
set d_format_behavior_compat_options = 'enable_sbr_identifier';
-- part1: pivot
CREATE TABLE sales (year INT,  product VARCHAR(50),  amount DECIMAL(10, 2));  
INSERT INTO sales (year, product, amount) VALUES  
(2020, 'A', 100),  
(2020, 'B', 200),  
(2021, 'A', 150),  
(2021, 'B', 250);
SELECT *
FROM ( SELECT year, product, amount  FROM sales ) AS source_table
rotate (count(amount) FOR product IN (A, B, a)
) as pivot;
 year | a | b | a 
------+---+---+---
 2021 | 1 | 1 | 0
 2020 | 1 | 1 | 0
(2 rows)

SELECT *
FROM ( SELECT year, product, amount  FROM sales ) AS source_table
rotate (count(amount) FOR product IN ([A], [B], "A", "B", C)
) as pivot;
 year | a | b | a | b | c 
------+---+---+---+---+---
 2021 | 1 | 1 | 1 | 1 | 0
 2020 | 1 | 1 | 1 | 1 | 0
(2 rows)

SELECT *
FROM ( SELECT year, product, amount  FROM sales) AS source_table 
rotate ( count(amount) FOR product IN (A, B) );
 year | a | b 
------+---+---
 2021 | 1 | 1
 2020 | 1 | 1
(2 rows)

SELECT *
FROM ( SELECT year, product, amount  FROM sales) AS source_table 
rotate ( count(amount) FOR product IN (A, B) ) pivot_table;
 year | a | b 
------+---+---
 2021 | 1 | 1
 2020 | 1 | 1
(2 rows)

SELECT *
FROM ( SELECT year, product, amount  FROM sales ) AS source_table
rotate (count(amount) FOR product IN (A, B, 'A', 'SSS', 1, 2, 2.3, 1011)
) as pivot_table;
 year | a | b | a | sss | 1 | 2 | 2.3 | 1011 
------+---+---+---+-----+---+---+-----+------
 2021 | 1 | 1 | 1 |   0 | 0 | 0 |   0 |    0
 2020 | 1 | 1 | 1 |   0 | 0 | 0 |   0 |    0
(2 rows)

SELECT *
FROM ( SELECT year, product, amount  FROM sales ) AS source_table
rotate (count(*) FOR product IN (A, B)
) as pivot; 
 year | amount | a | b 
------+--------+---+---
 2021 | 250.00 | 0 | 1
 2021 | 150.00 | 1 | 0
 2020 | 200.00 | 0 | 1
 2020 | 100.00 | 1 | 0
(4 rows)

SELECT *
FROM ( SELECT year, product, amount  FROM sales ) AS source_table
rotate (count(amount) FOR product IN (A, B)
) as pivot order by year;
 year | a | b 
------+---+---
 2020 | 1 | 1
 2021 | 1 | 1
(2 rows)

SELECT *
FROM ( SELECT year, product, amount  FROM sales ) AS source_table
rotate (count(*) FOR product IN (A, B)
) as pivot_table where pivot_table.year > 1; 
 year | amount | a | b 
------+--------+---+---
 2021 | 250.00 | 0 | 1
 2021 | 150.00 | 1 | 0
 2020 | 200.00 | 0 | 1
 2020 | 100.00 | 1 | 0
(4 rows)

-- expect error
SELECT *
FROM ( SELECT year, product, amount  FROM sales ) AS source_table
rotate (count(*) FOR product IN (A, B)
) as pivot_table where source_table.year > 1;  
ERROR:  missing FROM-clause entry for table "source_table"
LINE 4: ) as pivot_table where source_table.year > 1;
                               ^
CREATE PROCEDURE proc1(param1 CHAR(200))
AS
DECLARE
    cur refcursor;
    row record;
BEGIN 
    open cur for SELECT * FROM (SELECT year, product, amount  FROM sales) AS source_table rotate (SUM(amount) FOR product IN ('A', 'B')) ;
    LOOP
        FETCH NEXT FROM cur INTO row;
        EXIT WHEN NOT FOUND;
        RAISE NOTICE '%', row;
    END LOOP;
END;
/
CALL proc1(param1:='123');
NOTICE:  (2021,150.00,250.00)
NOTICE:  (2020,100.00,200.00)
 proc1 
-------
 
(1 row)

declare
con1 varchar;
con2 varchar;
sql1 varchar;
begin
    con1 = 'A';
	con2 = 'B';
	sql1 = 'SELECT * FROM (SELECT year, product, amount  FROM sales) AS source_table rotate (SUM(amount) FOR product IN (''' || con1 || ''',''' || con2 || '''))';
	EXECUTE IMMEDIATE sql1;
end;
/
 create  table CategoryTable2 (
      MergeDocID bigint,
      CategoryFieldName nvarchar(100),
      CategoryFieldValue nvarchar(255)
  ); 
  
  select * 
  from CategoryTable2 rotate  (max(CategoryFieldValue )
  for CategoryFieldName
  in (ItemAssetCategory_Code, ItemCostCategory_Code, ItemCreditCategory_Code, ItemMRPCategory_Code, ItemPriceCategory_Code, ItemProductionCategory_Code, ItemPurchaseCategory_Code, ItemSaleCategory_Code, ItemStockCategory_Code, ItemAssetCategory_Name, ItemCostCategory_Name, ItemCreditCategory_Name, ItemMRPCategory_Name, ItemPriceCategory_Name, ItemProductionCategory_Name, ItemPurchaseCategory_Name, ItemSaleCategory_Name, ItemStockCategory_Name));  
 mergedocid | itemassetcategory_code | itemcostcategory_code | itemcreditcategory_code | itemmrpcategory_code | itempricecategory_code | itemproductioncategory_code | itempurchasecategory_code | itemsalecategory_code | itemstockcategory_code | itemassetcategory_name | itemcostcategory_name | itemcreditcategory_name | itemmrpcategory_name | itempricecategory_name | itemproductioncategory_name | itempurchasecategory_name | itemsalecategory_name | itemstockcategory_name 
------------+------------------------+-----------------------+-------------------------+----------------------+------------------------+-----------------------------+---------------------------+-----------------------+------------------------+------------------------+-----------------------+-------------------------+----------------------+------------------------+-----------------------------+---------------------------+-----------------------+------------------------
(0 rows)

create view v1 as SELECT *
FROM ( SELECT year, product, amount  FROM sales ) AS source_table
rotate (count(*) FOR product IN (A, B)
) as pivot_table where pivot_table.year > 1; 
select * from v1;
 year | amount | a | b 
------+--------+---+---
 2021 | 250.00 | 0 | 1
 2021 | 150.00 | 1 | 0
 2020 | 200.00 | 0 | 1
 2020 | 100.00 | 1 | 0
(4 rows)

-- part2: unpivot
CREATE TABLE sales2 (  
    year INT,  
    product VARCHAR(50),  
    amount DECIMAL(10, 2),
	sale1 int,
	sale2 int,
	sale3 int,
	sale4 int,
	sale5 int
);  
INSERT INTO sales2 (year, product, amount, sale1, sale2, sale3, sale4, sale5) VALUES  
(2020, 'A', 100, 1, 1, 1, 1, 1),  
(2020, 'B', 200, 2, 2, 2, 2, 2),  
(2021, 'A', 150, 3, 3, 3, 3, 3),  
(2021, 'B', 250, 4, 4, 4, 4, 4),
(2022, 'C', 250, 5, 5, 5, 5, 5);
SELECT *
FROM sales2
not rotate(
   sale_all For sale IN (sale1, sale2, sale3, sale4)
) as unpivot;
 year | product | amount | sale5 | sale  | sale_all 
------+---------+--------+-------+-------+----------
 2020 | A       | 100.00 |     1 | sale1 |        1
 2020 | B       | 200.00 |     2 | sale1 |        2
 2021 | A       | 150.00 |     3 | sale1 |        3
 2021 | B       | 250.00 |     4 | sale1 |        4
 2022 | C       | 250.00 |     5 | sale1 |        5
 2020 | A       | 100.00 |     1 | sale2 |        1
 2020 | B       | 200.00 |     2 | sale2 |        2
 2021 | A       | 150.00 |     3 | sale2 |        3
 2021 | B       | 250.00 |     4 | sale2 |        4
 2022 | C       | 250.00 |     5 | sale2 |        5
 2020 | A       | 100.00 |     1 | sale3 |        1
 2020 | B       | 200.00 |     2 | sale3 |        2
 2021 | A       | 150.00 |     3 | sale3 |        3
 2021 | B       | 250.00 |     4 | sale3 |        4
 2022 | C       | 250.00 |     5 | sale3 |        5
 2020 | A       | 100.00 |     1 | sale4 |        1
 2020 | B       | 200.00 |     2 | sale4 |        2
 2021 | A       | 150.00 |     3 | sale4 |        3
 2021 | B       | 250.00 |     4 | sale4 |        4
 2022 | C       | 250.00 |     5 | sale4 |        5
(20 rows)

SELECT *
FROM sales2
not rotate(
   sale_all For sale IN (sale1, sale2, [sale3], [sale4])
) unpivot;
 year | product | amount | sale5 | sale  | sale_all 
------+---------+--------+-------+-------+----------
 2020 | A       | 100.00 |     1 | sale1 |        1
 2020 | B       | 200.00 |     2 | sale1 |        2
 2021 | A       | 150.00 |     3 | sale1 |        3
 2021 | B       | 250.00 |     4 | sale1 |        4
 2022 | C       | 250.00 |     5 | sale1 |        5
 2020 | A       | 100.00 |     1 | sale2 |        1
 2020 | B       | 200.00 |     2 | sale2 |        2
 2021 | A       | 150.00 |     3 | sale2 |        3
 2021 | B       | 250.00 |     4 | sale2 |        4
 2022 | C       | 250.00 |     5 | sale2 |        5
 2020 | A       | 100.00 |     1 | sale3 |        1
 2020 | B       | 200.00 |     2 | sale3 |        2
 2021 | A       | 150.00 |     3 | sale3 |        3
 2021 | B       | 250.00 |     4 | sale3 |        4
 2022 | C       | 250.00 |     5 | sale3 |        5
 2020 | A       | 100.00 |     1 | sale4 |        1
 2020 | B       | 200.00 |     2 | sale4 |        2
 2021 | A       | 150.00 |     3 | sale4 |        3
 2021 | B       | 250.00 |     4 | sale4 |        4
 2022 | C       | 250.00 |     5 | sale4 |        5
(20 rows)

SELECT *
FROM sales2
not rotate(
   sale_all For sale IN (sale1, sale2, sale3, sale4)
);
 year | product | amount | sale5 | sale  | sale_all 
------+---------+--------+-------+-------+----------
 2020 | A       | 100.00 |     1 | sale1 |        1
 2020 | B       | 200.00 |     2 | sale1 |        2
 2021 | A       | 150.00 |     3 | sale1 |        3
 2021 | B       | 250.00 |     4 | sale1 |        4
 2022 | C       | 250.00 |     5 | sale1 |        5
 2020 | A       | 100.00 |     1 | sale2 |        1
 2020 | B       | 200.00 |     2 | sale2 |        2
 2021 | A       | 150.00 |     3 | sale2 |        3
 2021 | B       | 250.00 |     4 | sale2 |        4
 2022 | C       | 250.00 |     5 | sale2 |        5
 2020 | A       | 100.00 |     1 | sale3 |        1
 2020 | B       | 200.00 |     2 | sale3 |        2
 2021 | A       | 150.00 |     3 | sale3 |        3
 2021 | B       | 250.00 |     4 | sale3 |        4
 2022 | C       | 250.00 |     5 | sale3 |        5
 2020 | A       | 100.00 |     1 | sale4 |        1
 2020 | B       | 200.00 |     2 | sale4 |        2
 2021 | A       | 150.00 |     3 | sale4 |        3
 2021 | B       | 250.00 |     4 | sale4 |        4
 2022 | C       | 250.00 |     5 | sale4 |        5
(20 rows)

SELECT *
FROM sales2
not rotate(
   sale_all For sale IN (sale1, sale2, sale3, sale4)
) unpivot;
 year | product | amount | sale5 | sale  | sale_all 
------+---------+--------+-------+-------+----------
 2020 | A       | 100.00 |     1 | sale1 |        1
 2020 | B       | 200.00 |     2 | sale1 |        2
 2021 | A       | 150.00 |     3 | sale1 |        3
 2021 | B       | 250.00 |     4 | sale1 |        4
 2022 | C       | 250.00 |     5 | sale1 |        5
 2020 | A       | 100.00 |     1 | sale2 |        1
 2020 | B       | 200.00 |     2 | sale2 |        2
 2021 | A       | 150.00 |     3 | sale2 |        3
 2021 | B       | 250.00 |     4 | sale2 |        4
 2022 | C       | 250.00 |     5 | sale2 |        5
 2020 | A       | 100.00 |     1 | sale3 |        1
 2020 | B       | 200.00 |     2 | sale3 |        2
 2021 | A       | 150.00 |     3 | sale3 |        3
 2021 | B       | 250.00 |     4 | sale3 |        4
 2022 | C       | 250.00 |     5 | sale3 |        5
 2020 | A       | 100.00 |     1 | sale4 |        1
 2020 | B       | 200.00 |     2 | sale4 |        2
 2021 | A       | 150.00 |     3 | sale4 |        3
 2021 | B       | 250.00 |     4 | sale4 |        4
 2022 | C       | 250.00 |     5 | sale4 |        5
(20 rows)

INSERT INTO sales2 (year, product, amount, sale1, sale2, sale3, sale4, sale5) VALUES (2021, 'A', 150, NULL, NULL, NULL, NULL, NULL), (2021, 'B', 250, NULL, NULL, NULL, NULL, NULL), (2022, 'C', 250, NULL, NULL, NULL, NULL, NULL);
SELECT * FROM sales2  not rotate( sale_all For sale IN (sale1, sale2, sale3, sale4)) as unpvt;
 year | product | amount | sale5 | sale  | sale_all 
------+---------+--------+-------+-------+----------
 2020 | A       | 100.00 |     1 | sale1 |        1
 2020 | B       | 200.00 |     2 | sale1 |        2
 2021 | A       | 150.00 |     3 | sale1 |        3
 2021 | B       | 250.00 |     4 | sale1 |        4
 2022 | C       | 250.00 |     5 | sale1 |        5
 2020 | A       | 100.00 |     1 | sale2 |        1
 2020 | B       | 200.00 |     2 | sale2 |        2
 2021 | A       | 150.00 |     3 | sale2 |        3
 2021 | B       | 250.00 |     4 | sale2 |        4
 2022 | C       | 250.00 |     5 | sale2 |        5
 2020 | A       | 100.00 |     1 | sale3 |        1
 2020 | B       | 200.00 |     2 | sale3 |        2
 2021 | A       | 150.00 |     3 | sale3 |        3
 2021 | B       | 250.00 |     4 | sale3 |        4
 2022 | C       | 250.00 |     5 | sale3 |        5
 2020 | A       | 100.00 |     1 | sale4 |        1
 2020 | B       | 200.00 |     2 | sale4 |        2
 2021 | A       | 150.00 |     3 | sale4 |        3
 2021 | B       | 250.00 |     4 | sale4 |        4
 2022 | C       | 250.00 |     5 | sale4 |        5
(20 rows)

create table aaa as SELECT *
FROM sales2 not rotate(sale_all For sale IN (sale1, sale2, sale3, sale4)) unpvt;
CREATE TABLE t_not_rotate0001_01 (
    Product     VARCHAR(50),
    Q1_Sales    DECIMAL(10,2),
    Q2_Sales    DECIMAL(10,2),
    Q3_Sales    DECIMAL(10,2),
    Q4_Sales    DECIMAL(10,2)
);
INSERT INTO t_not_rotate0001_01 VALUES
    ('Laptop', 1000.00, 1500.00, 1200.00, 1800.00),
    ('Phone',  800.00,  900.00,  950.00,  1100.00),
    ('Tablet', NULL,    500.00,  NULL,     700.00);
SELECT Product, 123Quarter, sales
FROM (
SELECT Product, Q1_Sales, Q2_Sales, Q3_Sales, Q4_Sales
FROM t_not_rotate0001_01
) AS SourceTable
not rotate (
sales FOR Quarter IN (Q1_Sales, Q2_Sales, Q3_Sales, Q4_Sales)
) AS UnpivotTable;
 product | quarter |  sales  
---------+---------+---------
 Laptop  |     123 | 1000.00
 Phone   |     123 |  800.00
 Laptop  |     123 | 1500.00
 Phone   |     123 |  900.00
 Tablet  |     123 |  500.00
 Laptop  |     123 | 1200.00
 Phone   |     123 |  950.00
 Laptop  |     123 | 1800.00
 Phone   |     123 | 1100.00
 Tablet  |     123 |  700.00
(10 rows)

SELECT Product, 123Quarter, sales
FROM (
SELECT Product, Q1_Sales, Q2_Sales, Q3_Sales, Q4_Sales
FROM t_not_rotate0001_01
) AS SourceTable
not rotate (
sales FOR Quarter IN (Q1_Sales, Q2_Sales, Q3_Sales, Q4_Sales)
) AS UnpivotTable;
 product | quarter |  sales  
---------+---------+---------
 Laptop  |     123 | 1000.00
 Phone   |     123 |  800.00
 Laptop  |     123 | 1500.00
 Phone   |     123 |  900.00
 Tablet  |     123 |  500.00
 Laptop  |     123 | 1200.00
 Phone   |     123 |  950.00
 Laptop  |     123 | 1800.00
 Phone   |     123 | 1100.00
 Tablet  |     123 |  700.00
(10 rows)

SELECT Product, Quarter, 123sales
FROM (
SELECT Product, Q1_Sales, Q2_Sales, Q3_Sales, Q4_Sales
FROM t_not_rotate0001_01
) AS SourceTable
not rotate (
sales FOR Quarter IN (Q1_Sales, Q2_Sales, Q3_Sales, Q4_Sales)
) AS UnpivotTable;
 product | quarter  | sales 
---------+----------+-------
 Laptop  | q1_sales |   123
 Phone   | q1_sales |   123
 Laptop  | q2_sales |   123
 Phone   | q2_sales |   123
 Tablet  | q2_sales |   123
 Laptop  | q3_sales |   123
 Phone   | q3_sales |   123
 Laptop  | q4_sales |   123
 Phone   | q4_sales |   123
 Tablet  | q4_sales |   123
(10 rows)

SELECT 'Product', Quarter, Sales
FROM (
SELECT Product, Q1_Sales, Q2_Sales, Q3_Sales, Q4_Sales
FROM t_not_rotate0001_01
) AS SourceTable
not rotate (
Sales FOR Quarter IN (Q1_Sales, Q2_Sales, Q3_Sales, Q4_Sales)
) AS UnpivotTable;
 ?column? | quarter  |  sales  
----------+----------+---------
 Product  | q1_sales | 1000.00
 Product  | q1_sales |  800.00
 Product  | q2_sales | 1500.00
 Product  | q2_sales |  900.00
 Product  | q2_sales |  500.00
 Product  | q3_sales | 1200.00
 Product  | q3_sales |  950.00
 Product  | q4_sales | 1800.00
 Product  | q4_sales | 1100.00
 Product  | q4_sales |  700.00
(10 rows)

SELECT Product, Quarter, 'Sales'
FROM (
SELECT Product, Q1_Sales, Q2_Sales, Q3_Sales, Q4_Sales
FROM t_not_rotate0001_01
) AS SourceTable
not rotate (
Sales FOR Quarter IN (Q1_Sales, Q2_Sales, Q3_Sales, Q4_Sales)
) AS UnpivotTable;
 product | quarter  | ?column? 
---------+----------+----------
 Laptop  | q1_sales | Sales
 Phone   | q1_sales | Sales
 Laptop  | q2_sales | Sales
 Phone   | q2_sales | Sales
 Tablet  | q2_sales | Sales
 Laptop  | q3_sales | Sales
 Phone   | q3_sales | Sales
 Laptop  | q4_sales | Sales
 Phone   | q4_sales | Sales
 Tablet  | q4_sales | Sales
(10 rows)

drop table t_not_rotate0001_01;
CREATE PROCEDURE proc2(param1 CHAR(200))
AS
DECLARE
    cur refcursor;
    row record;
BEGIN 
    open cur for SELECT * FROM sales2 not rotate(sale_all For sale IN (sale1, sale2, sale3, sale4)) unpvt;
    LOOP
        FETCH NEXT FROM cur INTO row;
        EXIT WHEN NOT FOUND;
        RAISE NOTICE '%', row;
    END LOOP;
END;
/
CALL proc2(param1:='123');
NOTICE:  (2020,A,100.00,1,sale1,1)
NOTICE:  (2020,B,200.00,2,sale1,2)
NOTICE:  (2021,A,150.00,3,sale1,3)
NOTICE:  (2021,B,250.00,4,sale1,4)
NOTICE:  (2022,C,250.00,5,sale1,5)
NOTICE:  (2020,A,100.00,1,sale2,1)
NOTICE:  (2020,B,200.00,2,sale2,2)
NOTICE:  (2021,A,150.00,3,sale2,3)
NOTICE:  (2021,B,250.00,4,sale2,4)
NOTICE:  (2022,C,250.00,5,sale2,5)
NOTICE:  (2020,A,100.00,1,sale3,1)
NOTICE:  (2020,B,200.00,2,sale3,2)
NOTICE:  (2021,A,150.00,3,sale3,3)
NOTICE:  (2021,B,250.00,4,sale3,4)
NOTICE:  (2022,C,250.00,5,sale3,5)
NOTICE:  (2020,A,100.00,1,sale4,1)
NOTICE:  (2020,B,200.00,2,sale4,2)
NOTICE:  (2021,A,150.00,3,sale4,3)
NOTICE:  (2021,B,250.00,4,sale4,4)
NOTICE:  (2022,C,250.00,5,sale4,5)
 proc2 
-------
 
(1 row)

declare
con1 varchar;
con2 varchar;
sql1 varchar;
begin
    con1 = 'sale1';
	con2 = 'sale2';
	sql1 = 'SELECT * FROM sales2 not rotate(sale_all For sale IN (' || con1 || ',' || con2 || ')) unpvt';
	EXECUTE IMMEDIATE sql1;
end;
/
SELECT *
FROM sales2
not rotate(
   sale_all For sale IN (sale1, sale2, sale3, sale4)
) order by 1,2,3;
 year | product | amount | sale5 | sale  | sale_all 
------+---------+--------+-------+-------+----------
 2020 | A       | 100.00 |     1 | sale1 |        1
 2020 | A       | 100.00 |     1 | sale2 |        1
 2020 | A       | 100.00 |     1 | sale3 |        1
 2020 | A       | 100.00 |     1 | sale4 |        1
 2020 | B       | 200.00 |     2 | sale1 |        2
 2020 | B       | 200.00 |     2 | sale4 |        2
 2020 | B       | 200.00 |     2 | sale2 |        2
 2020 | B       | 200.00 |     2 | sale3 |        2
 2021 | A       | 150.00 |     3 | sale4 |        3
 2021 | A       | 150.00 |     3 | sale2 |        3
 2021 | A       | 150.00 |     3 | sale3 |        3
 2021 | A       | 150.00 |     3 | sale1 |        3
 2021 | B       | 250.00 |     4 | sale1 |        4
 2021 | B       | 250.00 |     4 | sale2 |        4
 2021 | B       | 250.00 |     4 | sale4 |        4
 2021 | B       | 250.00 |     4 | sale3 |        4
 2022 | C       | 250.00 |     5 | sale4 |        5
 2022 | C       | 250.00 |     5 | sale3 |        5
 2022 | C       | 250.00 |     5 | sale2 |        5
 2022 | C       | 250.00 |     5 | sale1 |        5
(20 rows)

create view v2 as SELECT * FROM sales2 not rotate( sale_all For sale IN (sale1, sale2, sale3, sale4)) order by 1,2,3;
select * from v2;
 year | product | amount | sale5 | sale  | sale_all 
------+---------+--------+-------+-------+----------
 2020 | A       | 100.00 |     1 | sale1 |        1
 2020 | A       | 100.00 |     1 | sale2 |        1
 2020 | A       | 100.00 |     1 | sale3 |        1
 2020 | A       | 100.00 |     1 | sale4 |        1
 2020 | B       | 200.00 |     2 | sale1 |        2
 2020 | B       | 200.00 |     2 | sale4 |        2
 2020 | B       | 200.00 |     2 | sale2 |        2
 2020 | B       | 200.00 |     2 | sale3 |        2
 2021 | A       | 150.00 |     3 | sale4 |        3
 2021 | A       | 150.00 |     3 | sale2 |        3
 2021 | A       | 150.00 |     3 | sale3 |        3
 2021 | A       | 150.00 |     3 | sale1 |        3
 2021 | B       | 250.00 |     4 | sale1 |        4
 2021 | B       | 250.00 |     4 | sale2 |        4
 2021 | B       | 250.00 |     4 | sale4 |        4
 2021 | B       | 250.00 |     4 | sale3 |        4
 2022 | C       | 250.00 |     5 | sale4 |        5
 2022 | C       | 250.00 |     5 | sale3 |        5
 2022 | C       | 250.00 |     5 | sale2 |        5
 2022 | C       | 250.00 |     5 | sale1 |        5
(20 rows)

set enable_ignore_case_in_dquotes on;
WARNING:  Please avoid turn on this param when already created
uppercase named objects or using double quotes in PL.
select * from sales2 as source1
rotate(sum(amount) for product in ('A', 'B')) as source2
not rotate(sale_all for sale in (sale1, sale2, sale3, sale4)) as unpivot_table order by 1,2,3;
 year | sale5 |   a    |   b    | sale  | sale_all 
------+-------+--------+--------+-------+----------
 2020 |     1 | 100.00 |        | sale4 |        1
 2020 |     1 | 100.00 |        | sale1 |        1
 2020 |     1 | 100.00 |        | sale2 |        1
 2020 |     1 | 100.00 |        | sale3 |        1
 2020 |     2 |        | 200.00 | sale3 |        2
 2020 |     2 |        | 200.00 | sale4 |        2
 2020 |     2 |        | 200.00 | sale1 |        2
 2020 |     2 |        | 200.00 | sale2 |        2
 2021 |     3 | 150.00 |        | sale1 |        3
 2021 |     3 | 150.00 |        | sale2 |        3
 2021 |     3 | 150.00 |        | sale3 |        3
 2021 |     3 | 150.00 |        | sale4 |        3
 2021 |     4 |        | 250.00 | sale2 |        4
 2021 |     4 |        | 250.00 | sale3 |        4
 2021 |     4 |        | 250.00 | sale4 |        4
 2021 |     4 |        | 250.00 | sale1 |        4
 2022 |     5 |        |        | sale3 |        5
 2022 |     5 |        |        | sale2 |        5
 2022 |     5 |        |        | sale4 |        5
 2022 |     5 |        |        | sale1 |        5
(20 rows)

set enable_ignore_case_in_dquotes off;
drop table if exists t_rotate0005;
NOTICE:  table "t_rotate0005" does not exist, skipping
CREATE TABLE t_rotate0005 (
    ID          INT PRIMARY KEY,
    ProductName VARCHAR(50)
) collate utf8_general_ci;
NOTICE:  CREATE TABLE / PRIMARY KEY will create implicit index "t_rotate0005_pkey" for table "t_rotate0005"
INSERT INTO t_rotate0005 (ID, ProductName) VALUES
    (1, 'Laptop'),
    (2, 'Phone'),
    (3, 'Tablet');
drop table if exists t_rotate0005_01;
NOTICE:  table "t_rotate0005_01" does not exist, skipping
CREATE TABLE t_rotate0005_01 (
    ProductID   INT,
    Quarter     CHAR(2),
    Amount      DECIMAL(10,2),
    FOREIGN KEY (ProductID) REFERENCES t_rotate0005(ID)
) collate utf8_general_ci;
INSERT INTO t_rotate0005_01 (ProductID, Quarter, Amount) VALUES
    (1, 'Q1', 1000.00),
    (1, 'Q2', 1500.00),
    (2, 'Q1', 800.00),
    (2, 'Q3', 2000.00),
    (3, 'Q4', 500.00);
SELECT *
FROM (
SELECT p.ProductName, s.Quarter, s.Amount
    FROM t_rotate0005_01 s
    JOIN t_rotate0005 p ON s.ProductID = p.ID
) AS SourceTable
rotate (SUM(Amount) FOR Quarter IN (Q1, Q2, q3, q4)) AS rotateTable;
 productname |   q1    |   q2    |   q3    |   q4   
-------------+---------+---------+---------+--------
 Tablet      |         |         |         | 500.00
 Laptop      | 1000.00 | 1500.00 |         |       
 Phone       |  800.00 |         | 2000.00 |       
(3 rows)

drop table t_rotate0005_01;
drop table t_rotate0005;
-- part3: ANSI_NULLS
set ANSI_NULLS on;
select NULL = NULL;
 ?column? 
----------
 
(1 row)

select 1 = NULL;
 ?column? 
----------
 
(1 row)

select NULL <> NULL;
 ?column? 
----------
 
(1 row)

select 1 <> NULL;
 ?column? 
----------
 
(1 row)

select NULL > NULL;
 ?column? 
----------
 
(1 row)

select 1 > NULL;
 ?column? 
----------
 
(1 row)

select NULL IS NULL;
 ?column? 
----------
 t
(1 row)

select 1 IS NULL;
 ?column? 
----------
 f
(1 row)

select NULL IS NOT NULL;
 ?column? 
----------
 f
(1 row)

select 1 IS NOT NULL;
 ?column? 
----------
 t
(1 row)

select 1 != NULL;
 ?column? 
----------
 
(1 row)

select NULL != NULL;
 ?column? 
----------
 
(1 row)

set ANSI_NULLS off;
select NULL = NULL;
 ?column? 
----------
 t
(1 row)

select 1 = NULL;
 ?column? 
----------
 f
(1 row)

select NULL <> NULL;
 ?column? 
----------
 f
(1 row)

select 1 <> NULL;
 ?column? 
----------
 t
(1 row)

select NULL > NULL;
 ?column? 
----------
 
(1 row)

select 1 > NULL;
 ?column? 
----------
 
(1 row)

select NULL IS NULL;
 ?column? 
----------
 t
(1 row)

select 1 IS NULL;
 ?column? 
----------
 f
(1 row)

select NULL IS NOT NULL;
 ?column? 
----------
 f
(1 row)

select 1 IS NOT NULL;
 ?column? 
----------
 t
(1 row)

select 1 != NULL;
 ?column? 
----------
 t
(1 row)

select NULL != NULL;
 ?column? 
----------
 f
(1 row)

CREATE TABLE test1 (a INT NULL);  
INSERT INTO test1 values (NULL),(0),(1);
set ANSI_NULLS on;
select * from test1 where NULL = NULL;
 a 
---
(0 rows)

select * from test1 where 1 = NULL;
 a 
---
(0 rows)

select * from test1 where NULL <> NULL;
 a 
---
(0 rows)

select * from test1 where 1 <> NULL;
 a 
---
(0 rows)

select * from test1 where NULL > NULL;
 a 
---
(0 rows)

select * from test1 where 1 > NULL;
 a 
---
(0 rows)

select * from test1 where NULL IS NULL;
 a 
---
  
 0
 1
(3 rows)

select * from test1 where 1 IS NULL;
 a 
---
(0 rows)

select * from test1 where NULL IS NOT NULL;
 a 
---
(0 rows)

select * from test1 where 1 IS NOT NULL;
 a 
---
  
 0
 1
(3 rows)

select * from test1 where 1 != NULL;
 a 
---
(0 rows)

select * from test1 where NULL != NULL;
 a 
---
(0 rows)

set ANSI_NULLS off;
select * from test1 where NULL = NULL;
 a 
---
  
 0
 1
(3 rows)

select * from test1 where 1 = NULL;
 a 
---
(0 rows)

select * from test1 where NULL <> NULL;
 a 
---
(0 rows)

select * from test1 where 1 <> NULL;
 a 
---
  
 0
 1
(3 rows)

select * from test1 where NULL > NULL;
 a 
---
(0 rows)

select * from test1 where 1 > NULL;
 a 
---
(0 rows)

select * from test1 where NULL IS NULL;
 a 
---
  
 0
 1
(3 rows)

select * from test1 where 1 IS NULL;
 a 
---
(0 rows)

select * from test1 where NULL IS NOT NULL;
 a 
---
(0 rows)

select * from test1 where 1 IS NOT NULL;
 a 
---
  
 0
 1
(3 rows)

select * from test1 where 1 != NULL;
 a 
---
  
 0
 1
(3 rows)

select * from test1 where NULL != NULL;
 a 
---
(0 rows)

set d_format_behavior_compat_options 'enable_sbr_identifier';
set vacuum_cost_page_dirty 20;
set cpu_tuple_cost 0.02;
set effective_cache_size '128MB';
reset vacuum_cost_page_dirty;
reset cpu_tuple_cost;
reset effective_cache_size;
set ansi_nulls on;
show ansi_nulls;
 ansi_nulls 
------------
 on
(1 row)

show transform_null_equals;
 transform_null_equals 
-----------------------
 off
(1 row)

set transform_null_equals on;
show transform_null_equals;
 transform_null_equals 
-----------------------
 on
(1 row)

show ansi_nulls;
 ansi_nulls 
------------
 off
(1 row)

set ansi_nulls = off;
show ansi_nulls;
 ansi_nulls 
------------
 off
(1 row)

show transform_null_equals;
 transform_null_equals 
-----------------------
 on
(1 row)

set transform_null_equals = off;
show transform_null_equals;
 transform_null_equals 
-----------------------
 off
(1 row)

show ansi_nulls;
 ansi_nulls 
------------
 on
(1 row)

-- part3 : body and rownum
create table body(body varchar);
insert into body values ('body');
select body from body;
 body 
------
 body
(1 row)

create table rownum(rownum varchar);
insert into rownum values ('rownum');
select rownum from rownum;
 rownum 
--------
 rownum
(1 row)

create table pivot(pivot varchar);
insert into pivot values ('pivot');
select pivot from pivot;
 pivot 
-------
 pivot
(1 row)

create table unpivot(unpivot varchar);
insert into unpivot values ('unpivot');
select unpivot from unpivot;
 unpivot 
---------
 unpivot
(1 row)

drop table sales;
drop table categorytable2;
drop view v1;
drop table sales2;
drop table aaa;
drop view v2;
drop table test1;
drop table body;
drop table rownum;
drop table pivot;
drop table unpivot;
drop schema shark_rotate_test_part2 cascade;
NOTICE:  drop cascades to 2 other objects
DETAIL:  drop cascades to function proc1(character)
drop cascades to function proc2(character)
