start transaction;
call proc1();
INFO:  v_lastname is wang
INFO:  v_jobid is 1
INFO:  ----------------------------
INFO:  v_age is 1
INFO:  v_depid is 1
INFO:  ----------------------------
 proc1 
-------
 
(1 row)

select pg_sleep(2);
 pg_sleep 
----------
 
(1 row)

commit;
start transaction;
call proc2();
INFO:  v_lastname is wang
INFO:  v_jobid is 1
INFO:  ----------------------------
INFO:  v_age is 1
INFO:  v_depid is 1
INFO:  ----------------------------
 proc2 
-------
 
(1 row)

select pg_sleep(1);
 pg_sleep 
----------
 
(1 row)

call proc1();
INFO:  v_lastname is wang
INFO:  v_jobid is 1
INFO:  ----------------------------
INFO:  v_age is 1
INFO:  v_depid is 1
INFO:  ----------------------------
 proc1 
-------
 
(1 row)

commit;
